Starting a Gradle Daemon, 19 busy and 1 incompatible and 3 stopped Daemons could not be reused, use --status for details
> Task :clean UP-TO-DATE
> Task :app:clean UP-TO-DATE
> Task :app:preBuild UP-TO-DATE
> Task :app:preDebugBuild UP-TO-DATE
> Task :app:mergeDebugNativeDebugMetadata NO-SOURCE
> Task :app:checkKotlinGradlePluginConfigurationErrors
> Task :app:dataBindingMergeDependencyArtifactsDebug
> Task :app:generateDebugResValues FROM-CACHE
> Task :app:generateDebugResources UP-TO-DATE
> Task :app:mergeDebugResources FROM-CACHE
> Task :app:packageDebugResources FROM-CACHE
> Task :app:parseDebugLocalResources FROM-CACHE
> Task :app:dataBindingGenBaseClassesDebug FROM-CACHE
> Task :app:mapDebugSourceSetPaths
> Task :app:checkDebugAarMetadata
> Task :app:createDebugCompatibleScreenManifests
> Task :app:extractDeepLinksDebug FROM-CACHE
> Task :app:processDebugMainManifest FROM-CACHE
> Task :app:processDebugManifest FROM-CACHE
> Task :app:processDebugManifestForPackage FROM-CACHE
> Task :app:javaPreCompileDebug FROM-CACHE
> Task :app:mergeDebugShaders FROM-CACHE
> Task :app:compileDebugShaders NO-SOURCE
> Task :app:generateDebugAssets UP-TO-DATE
> Task :app:processDebugResources
> Task :app:mergeDebugAssets
> Task :app:processDebugResources FAILED
> Task :app:mergeDebugAssets FROM-CACHE
.\gradlew.bat : 
At line:1 char:1
+ .\gradlew.bat clean assembleDebug 2>&1 > 
build_output.txt; type build ...
+ ~~~~~~~~~~~~~~~~~~~~~~~~~~~~~~~~~~~~~~~~~~~~~~~~~~~~~~~~~
    + CategoryInfo          : NotSpecified: (:String) [], R 
   emoteException
    + FullyQualifiedErrorId : NativeCommandError
 
FAILURE: Build failed with an exception.

* What went wrong:
Execution failed for task ':app:processDebugResources'.
> A failure occurred while executing com.android.build.gradl
e.internal.res.LinkApplicationAndroidResourcesTask$TaskActio
n
   > Android resource linking failed
     com.persianai.assistant.app-mergeDebugResources-60:/lay
out/activity_main.xml:12: error: resource 
style/Theme.PersianAIAssistantOnline.AppBarOverlay (aka com.
persianai.assistant:style/Theme.PersianAIAssistantOnline.App
BarOverlay) not found.
     com.persianai.assistant.app-mergeDebugResources-60:/lay
out/activity_main.xml:19: error: resource 
style/Theme.PersianAIAssistantOnline.PopupOverlay (aka com.p
ersianai.assistant:style/Theme.PersianAIAssistantOnline.Popu
pOverlay) not found.
     com.persianai.assistant.app-mergeDebugResources-60:/lay
out/activity_main.xml:47: error: resource 
drawable/ic_assistant (aka 
com.persianai.assistant:drawable/ic_assistant) not found.
     com.persianai.assistant.app-mergeDebugResources-60:/lay
out/activity_main.xml:80: error: resource 
drawable/ic_reminder (aka 
com.persianai.assistant:drawable/ic_reminder) not found.
     com.persianai.assistant.app-mergeDebugResources-60:/lay
out/activity_main.xml:107: error: resource 
drawable/ic_finance (aka 
com.persianai.assistant:drawable/ic_finance) not found.
     
com.persianai.assistant.app-main-63:/menu/main_menu.xml:15: 
error: resource drawable/ic_history (aka 
com.persianai.assistant:drawable/ic_history) not found.
     error: failed linking file resources.


* Try:
> Run with --stacktrace option to get the stack trace.
> Run with --info or --debug option to get more log output.
> Run with --scan to get full insights.
> Get more help at https://help.gradle.org.

BUILD FAILED in 7m 16s
20 actionable tasks: 6 executed, 12 from cache, 2 up-to-date
